---
source: crates/tools/cron/src/tests/unit/month.rs
expression: result
---
Ok(
    (
        "",
        MonthRule {
            kinds: [
                MonthKind {
                    range: (
                        August,
                        August,
                    ),
                    periodic: MonthPeriodic(
                        1,
                    ),
                },
            ],
        },
    ),
)
