---
source: crates/tools/cron/src/tests/unit/minute.rs
expression: result
---
Err(
    Error(
        Error {
            inner: [
                Invalid(
                    "",
                    '-',
                ),
                Nom(
                    "50",
                    Alt,
                ),
            ],
        },
    ),
)
