---
source: crates/tools/cron/src/tests/unit/second.rs
expression: result
---
Ok(
    (
        ",1/2",
        SecondRule {
            kinds: [
                SecondKind {
                    range: (
                        Second(
                            0,
                        ),
                        Second(
                            59,
                        ),
                    ),
                    periodic: SecondPeriodic(
                        2,
                    ),
                },
            ],
        },
    ),
)
