---
source: crates/tools/cron/src/tests/unit/hour.rs
expression: result
---
Err(
    Error(
        Error {
            inner: [
                Invalid(
                    "",
                    '-',
                ),
                Nom(
                    "5",
                    Alt,
                ),
            ],
        },
    ),
)
