---
source: crates/tools/cron/src/tests/unit/week.rs
expression: result
---
Ok(
    (
        "-SUN",
        MonthRule {
            kinds: [
                MonthKind {
                    range: (
                        January,
                        January,
                    ),
                    periodic: MonthPeriodic(
                        1,
                    ),
                },
            ],
        },
    ),
)
