---
source: crates/tools/cron/src/tests/unit/year.rs
expression: result
---
Ok(
    (
        "",
        YearRule {
            kinds: [
                YearKind {
                    range: (
                        Year(
                            1970,
                        ),
                        Year(
                            2199,
                        ),
                    ),
                    periodic: YearPeriodic(
                        2,
                    ),
                },
                YearKind {
                    range: (
                        Year(
                            2024,
                        ),
                        Year(
                            2026,
                        ),
                    ),
                    periodic: YearPeriodic(
                        2,
                    ),
                },
            ],
        },
    ),
)
