---
source: crates/tools/cron/src/tests/unit/week.rs
expression: result
---
Err(
    Error(
        Error {
            inner: [
                Nom(
                    "SUN-SAT/2",
                    Tag,
                ),
                Nom(
                    "SUN-SAT/2",
                    Alt,
                ),
                Nom(
                    "SUN-SAT/2",
                    Alt,
                ),
                Nom(
                    "SUN-SAT/2",
                    Alt,
                ),
            ],
        },
    ),
)
